// Jest Snapshot v1, https://goo.gl/fbAQLP

exports[`App render matches snapshot 1`] = `
<DocumentFragment>
  <div
    class="container-sm"
  >
    <div
      class="card"
    >
      <div
        class="card-body"
      >
        <h3>
          AHP
        </h3>
        <form>
          <div
            class="form-group"
          >
            <input
              class="form-control"
              placeholder="Master Password"
              required=""
              type="password"
              value=""
            />
          </div>
          <div
            class="form-group"
          >
            <input
              class="form-control"
              placeholder="example.com"
              required=""
              type="text"
              value=""
            />
          </div>
          <button
            class="btn btn-primary btn-lg btn-block "
            type="submit"
          >
            Generate
          </button>
          <div
            class="input-group mt-3"
          >
            <input
              class="form-control"
              readonly=""
              type="text"
              value=""
            />
            <div
              class="input-group-append"
            >
              <button
                class="btn btn-outline-secondary"
                type="button"
              >
                <svg
                  aria-hidden="true"
                  class="svg-inline--fa fa-copy fa-w-14 fa-lg "
                  data-icon="copy"
                  data-prefix="fas"
                  focusable="false"
                  role="img"
                  viewBox="0 0 448 512"
                  xmlns="http://www.w3.org/2000/svg"
                >
                  <path
                    d="M320 448v40c0 13.255-10.745 24-24 24H24c-13.255 0-24-10.745-24-24V120c0-13.255 10.745-24 24-24h72v296c0 30.879 25.121 56 56 56h168zm0-344V0H152c-13.255 0-24 10.745-24 24v368c0 13.255 10.745 24 24 24h272c13.255 0 24-10.745 24-24V128H344c-13.2 0-24-10.8-24-24zm120.971-31.029L375.029 7.029A24 24 0 0 0 358.059 0H352v96h96v-6.059a24 24 0 0 0-7.029-16.97z"
                    fill="currentColor"
                  />
                </svg>
              </button>
            </div>
          </div>
        </form>
      </div>
    </div>
  </div>
</DocumentFragment>
`;
